[Vulkan Loader] DRIVER:         Searching for driver manifest files
[Vulkan Loader] DRIVER:            In following locations:
[Vulkan Loader] DRIVER:               /data/data/com.termux/files/home/mesa/panfrost_termux_icd.json
[Vulkan Loader] DRIVER:            Found the following files:
[Vulkan Loader] DRIVER:               /data/data/com.termux/files/home/mesa/panfrost_termux_icd.json
[Vulkan Loader] DRIVER:         Found ICD manifest file /data/data/com.termux/files/home/mesa/panfrost_termux_icd.json, version 1.0.1
[Vulkan Loader] DEBUG | DRIVER: Searching for ICD drivers named /data/data/com.termux/files/home/mesa/build/src/panfrost/vulkan/libvulkan_panfrost.so
WARNING: panvk is not a conformant Vulkan implementation, testing use only.
[Vulkan Loader] INFO | DRIVER:  linux_read_sorted_physical_devices:
[Vulkan Loader] INFO | DRIVER:       Original order:
[Vulkan Loader] INFO | DRIVER:             [0] Mali-G57 MC2
[Vulkan Loader] INFO | DRIVER:       Sorted order:
[Vulkan Loader] INFO | DRIVER:             [0] Mali-G57 MC2  
[Vulkan Loader] INFO | DRIVER:  linux_read_sorted_physical_devices:
[Vulkan Loader] INFO | DRIVER:       Original order:
[Vulkan Loader] INFO | DRIVER:             [0] Mali-G57 MC2
[Vulkan Loader] INFO | DRIVER:       Sorted order:
[Vulkan Loader] INFO | DRIVER:             [0] Mali-G57 MC2  
[Vulkan Loader] DEBUG | DRIVER: Copying old device 0 into new device 0
[Vulkan Loader] DRIVER:         vkCreateDevice layer callstack setup to:
[Vulkan Loader] DRIVER:            <Application>
[Vulkan Loader] DRIVER:              ||
[Vulkan Loader] DRIVER:            <Loader>
[Vulkan Loader] DRIVER:              ||
[Vulkan Loader] DRIVER:            <Device>
[Vulkan Loader] DRIVER:                Using "Mali-G57 MC2" with driver: "/data/data/com.termux/files/home/mesa/build/src/panfrost/vulkan/libvulkan_panfrost.so"
