[Vulkan Loader] INFO:           Vulkan Loader Version 1.4.362
[Vulkan Loader] INFO:           vkCreateInstance: applicationName: "probe", applicationVersion: 0, engineName: "", engineVersion: 0, apiVersion: 1.0.0
[Vulkan Loader] INFO:           vkCreateInstance: Requested 0 instance layer(s):
[Vulkan Loader] INFO:           vkCreateInstance: Requested 0 instance extension(s):
[Vulkan Loader] INFO:           Loader is using non-secure environment variable lookup for XDG_CONFIG_HOME
[Vulkan Loader] INFO:           Loader is using non-secure environment variable lookup for XDG_CONFIG_DIRS
[Vulkan Loader] INFO:           Loader is using non-secure environment variable lookup for XDG_DATA_HOME
[Vulkan Loader] INFO:           Loader is using non-secure environment variable lookup for XDG_DATA_DIRS
[Vulkan Loader] INFO:           Loader is using non-secure environment variable lookup for HOME
[Vulkan Loader] INFO:           No valid vk_loader_settings.json file found, no loader settings will be active
[Vulkan Loader] INFO:           Loader is using non-secure environment variable lookup for VK_LOADER_LAYERS_ENABLE
[Vulkan Loader] INFO:           Loader is using non-secure environment variable lookup for VK_LOADER_LAYERS_DISABLE
[Vulkan Loader] INFO:           Loader is using non-secure environment variable lookup for VK_LOADER_LAYERS_ALLOW
[Vulkan Loader] INFO:           Loader is using non-secure environment variable lookup for XDG_CONFIG_HOME
[Vulkan Loader] INFO:           Loader is using non-secure environment variable lookup for XDG_CONFIG_DIRS
[Vulkan Loader] INFO:           Loader is using non-secure environment variable lookup for XDG_DATA_HOME
[Vulkan Loader] INFO:           Loader is using non-secure environment variable lookup for XDG_DATA_DIRS
[Vulkan Loader] INFO:           Loader is using non-secure environment variable lookup for HOME
[Vulkan Loader] INFO:           Loader is using non-secure environment variable lookup for VK_IMPLICIT_LAYER_PATH
[Vulkan Loader] INFO:           Loader is using non-secure environment variable lookup for VK_ADD_IMPLICIT_LAYER_PATH
[Vulkan Loader] LAYER:          Searching for implicit layer manifest files
[Vulkan Loader] LAYER:             In following locations:
[Vulkan Loader] LAYER:                /data/data/com.termux/files/home/.config/vulkan/implicit_layer.d
[Vulkan Loader] LAYER:                /data/data/com.termux/files/usr/etc/xdg/vulkan/implicit_layer.d
[Vulkan Loader] LAYER:                /data/data/com.termux/files/usr/etc/vulkan/implicit_layer.d
[Vulkan Loader] LAYER:                /data/data/com.termux/files/home/.local/share/vulkan/implicit_layer.d
[Vulkan Loader] LAYER:                /data/data/com.termux/files/usr/share/vulkan/implicit_layer.d
[Vulkan Loader] LAYER:             Found no files
[Vulkan Loader] INFO:           Loader is using non-secure environment variable lookup for XDG_CONFIG_HOME
[Vulkan Loader] INFO:           Loader is using non-secure environment variable lookup for XDG_CONFIG_DIRS
[Vulkan Loader] INFO:           Loader is using non-secure environment variable lookup for XDG_DATA_HOME
[Vulkan Loader] INFO:           Loader is using non-secure environment variable lookup for XDG_DATA_DIRS
[Vulkan Loader] INFO:           Loader is using non-secure environment variable lookup for HOME
[Vulkan Loader] INFO:           Loader is using non-secure environment variable lookup for VK_LAYER_PATH
[Vulkan Loader] INFO:           Loader is using non-secure environment variable lookup for VK_ADD_LAYER_PATH
[Vulkan Loader] LAYER:          Searching for explicit layer manifest files
[Vulkan Loader] LAYER:             In following locations:
[Vulkan Loader] LAYER:                /data/data/com.termux/files/home/.config/vulkan/explicit_layer.d
[Vulkan Loader] LAYER:                /data/data/com.termux/files/usr/etc/xdg/vulkan/explicit_layer.d
[Vulkan Loader] LAYER:                /data/data/com.termux/files/usr/etc/vulkan/explicit_layer.d
[Vulkan Loader] LAYER:                /data/data/com.termux/files/home/.local/share/vulkan/explicit_layer.d
[Vulkan Loader] LAYER:                /data/data/com.termux/files/usr/share/vulkan/explicit_layer.d
[Vulkan Loader] LAYER:             Found no files
[Vulkan Loader] INFO:           Loader is using non-secure environment variable lookup for VK_LOADER_DRIVERS_SELECT
[Vulkan Loader] INFO:           Loader is using non-secure environment variable lookup for VK_LOADER_DRIVERS_DISABLE
[Vulkan Loader] INFO:           Loader is using non-secure environment variable lookup for XDG_CONFIG_HOME
[Vulkan Loader] INFO:           Loader is using non-secure environment variable lookup for XDG_CONFIG_DIRS
[Vulkan Loader] INFO:           Loader is using non-secure environment variable lookup for XDG_DATA_HOME
[Vulkan Loader] INFO:           Loader is using non-secure environment variable lookup for XDG_DATA_DIRS
[Vulkan Loader] INFO:           Loader is using non-secure environment variable lookup for HOME
[Vulkan Loader] INFO:           Loader is using non-secure environment variable lookup for VK_DRIVER_FILES
[Vulkan Loader] INFO:           Loader is using non-secure environment variable lookup for VK_ICD_FILENAMES
[Vulkan Loader] INFO:           Loader is using non-secure environment variable lookup for VK_ADD_DRIVER_FILES
[Vulkan Loader] DRIVER:         Searching for driver manifest files
[Vulkan Loader] DRIVER:            In following locations:
[Vulkan Loader] DRIVER:               /data/data/com.termux/files/home/mesa/build/src/panfrost/vulkan/panfrost_devenv_icd.aarch64.json
[Vulkan Loader] DRIVER:            Found the following files:
[Vulkan Loader] DRIVER:               /data/data/com.termux/files/home/mesa/build/src/panfrost/vulkan/panfrost_devenv_icd.aarch64.json
[Vulkan Loader] DRIVER:         Found ICD manifest file /data/data/com.termux/files/home/mesa/build/src/panfrost/vulkan/panfrost_devenv_icd.aarch64.json, version 1.0.1
[Vulkan Loader] DEBUG | DRIVER: Searching for ICD drivers named /data/data/com.termux/files/home/mesa/build/src/panfrost/vulkan/libvulkan_panfrost.so
[Vulkan Loader] LAYER:          vkCreateInstance layer callstack setup to:
[Vulkan Loader] LAYER:             <Application>
[Vulkan Loader] LAYER:               ||
[Vulkan Loader] LAYER:             <Loader>
[Vulkan Loader] LAYER:               ||
[Vulkan Loader] LAYER:             <Drivers>
[Vulkan Loader] INFO:           Loader is using non-secure environment variable lookup for VK_LOADER_DEVICE_ID_FILTER
[Vulkan Loader] INFO:           Loader is using non-secure environment variable lookup for VK_LOADER_VENDOR_ID_FILTER
[Vulkan Loader] INFO:           Loader is using non-secure environment variable lookup for VK_LOADER_DRIVER_ID_FILTER
[Vulkan Loader] ERROR:          setup_loader_term_phys_devs:  Failed to detect any valid GPUs in the current config
create=0
enumerate=-3 count=0
